// Jest Snapshot v1, https://goo.gl/fbAQLP

exports[`Video tests should match snapshot with src 1`] = `
<figure>
  <video
    controls={false}
    muted={false}
  >
    <source
      src="http://commondatastorage.googleapis.com/gtv-videos-bucket/sample/ElephantsDream.mp4"
      type="video/mp4"
    />
  </video>
  0
</figure>
`;

exports[`Video tests should match snapshot without src 1`] = `
<div>
  Please provide source for the video!
</div>
`;
